<outdir_path>/indel/indelvcf/NA12749/NA12749.genotypes.20.20000001.40000000.bcf
