<outdir_path>/indel/indelvcf/NA12249/NA12249.genotypes.20.20000001.40000000.bcf
