<outdir_path>/indel/indelvcf/NA12286/NA12286.genotypes.20.20000001.40000000.bcf
