<outdir_path>/indel/indelvcf/NA12046/NA12046.genotypes.20.20000001.40000000.bcf
