<outdir_path>/indel/indelvcf/NA12006/NA12006.genotypes.20.20000001.40000000.bcf
