<outdir_path>/indel/indelvcf/NA11920/NA11920.genotypes.20.20000001.40000000.bcf
