<outdir_path>/indel/indelvcf/NA11829/NA11829.genotypes.20.20000001.40000000.bcf
