<outdir_path>/indel/indelvcf/NA06984/NA06984.genotypes.20.20000001.40000000.bcf
