<outdir_path>/indel/indelvcf/NA11932/NA11932.genotypes.20.20000001.40000000.bcf
