<outdir_path>/indel/indelvcf/NA12827/NA12827.genotypes.20.20000001.40000000.bcf
