
Options
   Map Quality Filter : --qualities [0,0]
        Depth Filters : --minDepths [1,1], --maxDepths [1000,1000]
               Output : --outfile [<outdir_path>/glfs/samples/chr20/20000001.25000000/NA11931.20.20000001.25000000.glf],
                        --verbose

glfMerge V1.0.2 -- Merge SNP calls based on .glf or .glz files
(c) 2009 Goncalo Abecasis, Sebastian Zoellner, Yun Li

Analysis started on <date>

Calling genotypes for files ...
  <outdir_path>/glfs/bams/NA11931/chr20/NA11931.mapped.ILLUMINA.bwa.CEU.low_coverage.20101123.chrom20.20000001.20300000.cram.20000001.25000000.glf
  <outdir_path>/glfs/bams/NA11931/chr20/NA11931.mapped.LS454.ssaha2.CEU.low_coverage.20101123.chrom20.20000001.20300000.cram.20000001.25000000.glf

Processing section 20 with 63025520 entries
Combined file includes 1226808 bases covering 292517 sites (4.2 coverage)
Original files include 1226808 bases covering 292568 sites (4.2 coverage)
