<outdir_path>/indel/indelvcf/NA07000/NA07000.genotypes.20.20000001.40000000.bcf
