<outdir_path>/indel/indelvcf/NA12273/NA12273.genotypes.20.20000001.40000000.bcf
