<outdir_path>/indel/indelvcf/NA12400/NA12400.genotypes.20.20000001.40000000.bcf
