<outdir_path>/indel/indelvcf/NA11919/NA11919.genotypes.20.20000001.40000000.bcf
