<outdir_path>/indel/indelvcf/NA12347/NA12347.genotypes.20.20000001.40000000.bcf
