<outdir_path>/indel/indelvcf/NA12004/NA12004.genotypes.20.20000001.40000000.bcf
