<outdir_path>/indel/indelvcf/NA12272/NA12272.sites.bcf
<outdir_path>/indel/indelvcf/NA12004/NA12004.sites.bcf
<outdir_path>/indel/indelvcf/NA11994/NA11994.sites.bcf
<outdir_path>/indel/indelvcf/NA12749/NA12749.sites.bcf
<outdir_path>/indel/indelvcf/NA10847/NA10847.sites.bcf
<outdir_path>/indel/indelvcf/NA12716/NA12716.sites.bcf
<outdir_path>/indel/indelvcf/NA12829/NA12829.sites.bcf
<outdir_path>/indel/indelvcf/NA12275/NA12275.sites.bcf
<outdir_path>/indel/indelvcf/NA12750/NA12750.sites.bcf
<outdir_path>/indel/indelvcf/NA12348/NA12348.sites.bcf
<outdir_path>/indel/indelvcf/NA12347/NA12347.sites.bcf
<outdir_path>/indel/indelvcf/NA12003/NA12003.sites.bcf
<outdir_path>/indel/indelvcf/NA12286/NA12286.sites.bcf
<outdir_path>/indel/indelvcf/NA11829/NA11829.sites.bcf
<outdir_path>/indel/indelvcf/NA07357/NA07357.sites.bcf
<outdir_path>/indel/indelvcf/NA12144/NA12144.sites.bcf
<outdir_path>/indel/indelvcf/NA12812/NA12812.sites.bcf
<outdir_path>/indel/indelvcf/NA12718/NA12718.sites.bcf
<outdir_path>/indel/indelvcf/NA12777/NA12777.sites.bcf
<outdir_path>/indel/indelvcf/NA12872/NA12872.sites.bcf
<outdir_path>/indel/indelvcf/NA12751/NA12751.sites.bcf
<outdir_path>/indel/indelvcf/NA12717/NA12717.sites.bcf
<outdir_path>/indel/indelvcf/NA07051/NA07051.sites.bcf
<outdir_path>/indel/indelvcf/NA11992/NA11992.sites.bcf
<outdir_path>/indel/indelvcf/NA12058/NA12058.sites.bcf
<outdir_path>/indel/indelvcf/NA12889/NA12889.sites.bcf
<outdir_path>/indel/indelvcf/NA12400/NA12400.sites.bcf
<outdir_path>/indel/indelvcf/NA12778/NA12778.sites.bcf
<outdir_path>/indel/indelvcf/NA12154/NA12154.sites.bcf
<outdir_path>/indel/indelvcf/NA11932/NA11932.sites.bcf
<outdir_path>/indel/indelvcf/NA06986/NA06986.sites.bcf
<outdir_path>/indel/indelvcf/NA07056/NA07056.sites.bcf
<outdir_path>/indel/indelvcf/NA12046/NA12046.sites.bcf
<outdir_path>/indel/indelvcf/NA12342/NA12342.sites.bcf
<outdir_path>/indel/indelvcf/NA06984/NA06984.sites.bcf
<outdir_path>/indel/indelvcf/NA12273/NA12273.sites.bcf
<outdir_path>/indel/indelvcf/NA12748/NA12748.sites.bcf
<outdir_path>/indel/indelvcf/NA12814/NA12814.sites.bcf
<outdir_path>/indel/indelvcf/NA12546/NA12546.sites.bcf
<outdir_path>/indel/indelvcf/NA12827/NA12827.sites.bcf
<outdir_path>/indel/indelvcf/NA12489/NA12489.sites.bcf
<outdir_path>/indel/indelvcf/NA12283/NA12283.sites.bcf
<outdir_path>/indel/indelvcf/NA11919/NA11919.sites.bcf
<outdir_path>/indel/indelvcf/NA11995/NA11995.sites.bcf
<outdir_path>/indel/indelvcf/NA07000/NA07000.sites.bcf
<outdir_path>/indel/indelvcf/NA10851/NA10851.sites.bcf
<outdir_path>/indel/indelvcf/NA12341/NA12341.sites.bcf
<outdir_path>/indel/indelvcf/NA11892/NA11892.sites.bcf
<outdir_path>/indel/indelvcf/NA12383/NA12383.sites.bcf
<outdir_path>/indel/indelvcf/NA06994/NA06994.sites.bcf
<outdir_path>/indel/indelvcf/NA12006/NA12006.sites.bcf
<outdir_path>/indel/indelvcf/NA11993/NA11993.sites.bcf
<outdir_path>/indel/indelvcf/NA12413/NA12413.sites.bcf
<outdir_path>/indel/indelvcf/NA11920/NA11920.sites.bcf
<outdir_path>/indel/indelvcf/NA12874/NA12874.sites.bcf
<outdir_path>/indel/indelvcf/NA12045/NA12045.sites.bcf
<outdir_path>/indel/indelvcf/NA12249/NA12249.sites.bcf
<outdir_path>/indel/indelvcf/NA11931/NA11931.sites.bcf
<outdir_path>/indel/indelvcf/NA11918/NA11918.sites.bcf
<outdir_path>/indel/indelvcf/NA12043/NA12043.sites.bcf
