<outdir_path>/indel/indelvcf/NA12272/NA12272.genotypesConcat.20.bcf
<outdir_path>/indel/indelvcf/NA12004/NA12004.genotypesConcat.20.bcf
<outdir_path>/indel/indelvcf/NA11994/NA11994.genotypesConcat.20.bcf
<outdir_path>/indel/indelvcf/NA12749/NA12749.genotypesConcat.20.bcf
<outdir_path>/indel/indelvcf/NA10847/NA10847.genotypesConcat.20.bcf
<outdir_path>/indel/indelvcf/NA12716/NA12716.genotypesConcat.20.bcf
<outdir_path>/indel/indelvcf/NA12829/NA12829.genotypesConcat.20.bcf
<outdir_path>/indel/indelvcf/NA12275/NA12275.genotypesConcat.20.bcf
<outdir_path>/indel/indelvcf/NA12750/NA12750.genotypesConcat.20.bcf
<outdir_path>/indel/indelvcf/NA12348/NA12348.genotypesConcat.20.bcf
<outdir_path>/indel/indelvcf/NA12347/NA12347.genotypesConcat.20.bcf
<outdir_path>/indel/indelvcf/NA12003/NA12003.genotypesConcat.20.bcf
<outdir_path>/indel/indelvcf/NA12286/NA12286.genotypesConcat.20.bcf
<outdir_path>/indel/indelvcf/NA11829/NA11829.genotypesConcat.20.bcf
<outdir_path>/indel/indelvcf/NA07357/NA07357.genotypesConcat.20.bcf
<outdir_path>/indel/indelvcf/NA12144/NA12144.genotypesConcat.20.bcf
<outdir_path>/indel/indelvcf/NA12045/NA12045.genotypesConcat.20.bcf
<outdir_path>/indel/indelvcf/NA12812/NA12812.genotypesConcat.20.bcf
<outdir_path>/indel/indelvcf/NA12718/NA12718.genotypesConcat.20.bcf
<outdir_path>/indel/indelvcf/NA12777/NA12777.genotypesConcat.20.bcf
<outdir_path>/indel/indelvcf/NA12872/NA12872.genotypesConcat.20.bcf
<outdir_path>/indel/indelvcf/NA12751/NA12751.genotypesConcat.20.bcf
<outdir_path>/indel/indelvcf/NA12717/NA12717.genotypesConcat.20.bcf
<outdir_path>/indel/indelvcf/NA07051/NA07051.genotypesConcat.20.bcf
<outdir_path>/indel/indelvcf/NA12249/NA12249.genotypesConcat.20.bcf
<outdir_path>/indel/indelvcf/NA11992/NA11992.genotypesConcat.20.bcf
<outdir_path>/indel/indelvcf/NA12058/NA12058.genotypesConcat.20.bcf
<outdir_path>/indel/indelvcf/NA12889/NA12889.genotypesConcat.20.bcf
<outdir_path>/indel/indelvcf/NA12400/NA12400.genotypesConcat.20.bcf
<outdir_path>/indel/indelvcf/NA12778/NA12778.genotypesConcat.20.bcf
<outdir_path>/indel/indelvcf/NA12154/NA12154.genotypesConcat.20.bcf
<outdir_path>/indel/indelvcf/NA11932/NA11932.genotypesConcat.20.bcf
<outdir_path>/indel/indelvcf/NA11931/NA11931.genotypesConcat.20.bcf
<outdir_path>/indel/indelvcf/NA06986/NA06986.genotypesConcat.20.bcf
<outdir_path>/indel/indelvcf/NA07056/NA07056.genotypesConcat.20.bcf
<outdir_path>/indel/indelvcf/NA12046/NA12046.genotypesConcat.20.bcf
<outdir_path>/indel/indelvcf/NA12342/NA12342.genotypesConcat.20.bcf
<outdir_path>/indel/indelvcf/NA06984/NA06984.genotypesConcat.20.bcf
<outdir_path>/indel/indelvcf/NA12273/NA12273.genotypesConcat.20.bcf
<outdir_path>/indel/indelvcf/NA12748/NA12748.genotypesConcat.20.bcf
<outdir_path>/indel/indelvcf/NA12814/NA12814.genotypesConcat.20.bcf
<outdir_path>/indel/indelvcf/NA12546/NA12546.genotypesConcat.20.bcf
<outdir_path>/indel/indelvcf/NA12827/NA12827.genotypesConcat.20.bcf
<outdir_path>/indel/indelvcf/NA12489/NA12489.genotypesConcat.20.bcf
<outdir_path>/indel/indelvcf/NA12283/NA12283.genotypesConcat.20.bcf
<outdir_path>/indel/indelvcf/NA11919/NA11919.genotypesConcat.20.bcf
<outdir_path>/indel/indelvcf/NA11995/NA11995.genotypesConcat.20.bcf
<outdir_path>/indel/indelvcf/NA07000/NA07000.genotypesConcat.20.bcf
<outdir_path>/indel/indelvcf/NA10851/NA10851.genotypesConcat.20.bcf
<outdir_path>/indel/indelvcf/NA11918/NA11918.genotypesConcat.20.bcf
<outdir_path>/indel/indelvcf/NA12341/NA12341.genotypesConcat.20.bcf
<outdir_path>/indel/indelvcf/NA11892/NA11892.genotypesConcat.20.bcf
<outdir_path>/indel/indelvcf/NA12383/NA12383.genotypesConcat.20.bcf
<outdir_path>/indel/indelvcf/NA06994/NA06994.genotypesConcat.20.bcf
<outdir_path>/indel/indelvcf/NA12006/NA12006.genotypesConcat.20.bcf
<outdir_path>/indel/indelvcf/NA12043/NA12043.genotypesConcat.20.bcf
<outdir_path>/indel/indelvcf/NA11993/NA11993.genotypesConcat.20.bcf
<outdir_path>/indel/indelvcf/NA12413/NA12413.genotypesConcat.20.bcf
<outdir_path>/indel/indelvcf/NA11920/NA11920.genotypesConcat.20.bcf
<outdir_path>/indel/indelvcf/NA12874/NA12874.genotypesConcat.20.bcf
