<outdir_path>/indel/indelvcf/NA06994/NA06994.genotypes.20.20000001.40000000.bcf
