<outdir_path>/indel/indelvcf/NA10847/NA10847.genotypes.20.20000001.40000000.bcf
