<outdir_path>/indel/indelvcf/NA12874/NA12874.genotypes.20.20000001.40000000.bcf
