<outdir_path>/indel/indelvcf/NA12718/NA12718.genotypes.20.20000001.40000000.bcf
