<outdir_path>/indel/indelvcf/NA12348/NA12348.genotypes.20.20000001.40000000.bcf
