<outdir_path>/indel/indelvcf/NA12045/NA12045.genotypes.20.20000001.40000000.bcf
